
> nextn@0.1.0 build
> next build

   ▲ Next.js 15.2.3
   - Environments: .env

   Creating an optimized production build ...
 ✓ Compiled successfully
   Linting and checking validity of types ...
Failed to compile.

src/app/products/page.tsx
Type error: Type '{ searchParams: { category?: string | undefined; }; }' does not satisfy the constraint 'PageProps'.
  Types of property 'searchParams' are incompatible.
    Type '{ category?: string | undefined; }' is missing the following properties from type 'Promise<any>': then, catch, finally, [Symbol.toStringTag]

Next.js build worker exited with code: 1 and signal: null
